
> wingman-tactical-theme@2025.7.0 build
> shopify hydrogen build --codegen

[36mvite v6.3.6 [32mbuilding for production...[36m[39m
transforming...
[32mΓ£ô[39m 256 modules transformed.
node.exe : [33mGenerated an empty chunk: "api._version._graphql.json_".[39m
At line:1 char:1
+ & "C:\Program Files\nodejs/node.exe" "C:\Users\Haris\AppData\Roaming\ ...
+ ~~~~~~~~~~~~~~~~~~~~~~~~~~~~~~~~~~~~~~~~~~~~~~~~~~~~~~~~~~~~~~~~~~~~~
    + CategoryInfo          : NotSpecified: ([33mGenerated ...ql.json_".[39m:String) [], RemoteException
    + FullyQualifiedErrorId : NativeCommandError
 
[33mGenerated an empty chunk: "sitemap._type._page_.xml_".[39m
[33mGenerated an empty chunk: "api.predictive-search".[39m
[33mGenerated an empty chunk: "api.wishlist-sync".[39m
[33mGenerated an empty chunk: "account_.logout".[39m
[33mGenerated an empty chunk: "api.newsletter".[39m
[33mGenerated an empty chunk: "discount._code".[39m
[33mGenerated an empty chunk: "_sitemap.xml_".[39m
[33mGenerated an empty chunk: "_robots.txt_".[39m
[33mGenerated an empty chunk: "api.country".[39m
[33mGenerated an empty chunk: "account._".[39m
rendering chunks...
computing gzip size...
[2mdist/client/[22m[32moxygen.json                                          [39m[1m[2m    0.06 kB[22m[1m[22m[2m Γöé gzip:  0.07 kB[22m
[2mdist/client/[22m[32massets/favicon-CnWN81dK.svg                          [39m[1m[2m    0.72 kB[22m[1m[22m[2m Γöé gzip:  0.36 kB[22m
[2mdist/client/[22m[32massets/logo-sgU5wa6n.png                             [39m[1m[2m    2.96 kB[22m[1m[22m
[2mdist/client/[22m[32m.vite/manifest.json                                  [39m[1m[2m   24.59 kB[22m[1m[22m[2m Γöé gzip:  2.84 kB[22m
[2mdist/client/[22m[32massets/aboutus-l0O-1tZN.png                          [39m[1m[2m  500.03 kB[22m[1m[22m
[2mdist/client/[22m[32massets/drew-patch-C0nKtt5C.png                       [39m[1m[2m  533.64 kB[22m[1m[22m
[2mdist/client/[22m[32massets/aviation-lanyard-U0e7tMvY.png                 [39m[1m[2m  600.63 kB[22m[1m[22m
[2mdist/client/[22m[32massets/sellwithus-DpVOki-O.png                       [39m[1m[2m  878.65 kB[22m[1m[22m
[2mdist/client/[22m[32massets/custom-tshirts-BzRCHHTC.png                   [39m[1m[2m  949.51 kB[22m[1m[22m
[2mdist/client/[22m[32massets/helmet-bag-DxRXEnS6.png                       [39m[1m[2m1,037.00 kB[22m[1m[22m
[2mdist/client/[22m[32massets/zyn-patch--dYH0tTX.png                        [39m[1m[2m1,420.02 kB[22m[1m[22m
[2mdist/client/[22m[32massets/mechanics-patches-CPY7Sb8E.png                [39m[1m[2m2,527.29 kB[22m[1m[22m
[2mdist/client/[22m[35massets/tailwind-Bm7D3qAm.css                         [39m[1m[2m   95.10 kB[22m[1m[22m[2m Γöé gzip: 14.08 kB[22m
[2mdist/client/[22m[36massets/api._version._graphql.json_-l0sNRNKZ.js       [39m[1m[2m    0.00 kB[22m[1m[22m[2m Γöé gzip:  0.02 kB[22m
[2mdist/client/[22m[36massets/sitemap._type._page_.xml_-l0sNRNKZ.js         [39m[1m[2m    0.00 kB[22m[1m[22m[2m Γöé gzip:  0.02 kB[22m
[2mdist/client/[22m[36massets/api.predictive-search-l0sNRNKZ.js             [39m[1m[2m    0.00 kB[22m[1m[22m[2m Γöé gzip:  0.02 kB[22m
[2mdist/client/[22m[36massets/api.wishlist-sync-l0sNRNKZ.js                 [39m[1m[2m    0.00 kB[22m[1m[22m[2m Γöé gzip:  0.02 kB[22m
[2mdist/client/[22m[36massets/account_.logout-l0sNRNKZ.js                   [39m[1m[2m    0.00 kB[22m[1m[22m[2m Γöé gzip:  0.02 kB[22m
[2mdist/client/[22m[36massets/api.newsletter-l0sNRNKZ.js                    [39m[1m[2m    0.00 kB[22m[1m[22m[2m Γöé gzip:  0.02 kB[22m
[2mdist/client/[22m[36massets/discount._code-l0sNRNKZ.js                    [39m[1m[2m    0.00 kB[22m[1m[22m[2m Γöé gzip:  0.02 kB[22m
[2mdist/client/[22m[36massets/_sitemap.xml_-l0sNRNKZ.js                     [39m[1m[2m    0.00 kB[22m[1m[22m[2m Γöé gzip:  0.02 kB[22m
[2mdist/client/[22m[36massets/_robots.txt_-l0sNRNKZ.js                      [39m[1m[2m    0.00 kB[22m[1m[22m[2m Γöé gzip:  0.02 kB[22m
[2mdist/client/[22m[36massets/api.country-l0sNRNKZ.js                       [39m[1m[2m    0.00 kB[22m[1m[22m[2m Γöé gzip:  0.02 kB[22m
[2mdist/client/[22m[36massets/account._-l0sNRNKZ.js                         [39m[1m[2m    0.00 kB[22m[1m[22m[2m Γöé gzip:  0.02 kB[22m
[2mdist/client/[22m[36massets/constants-Cg-W-FH0.js                         [39m[1m[2m    0.05 kB[22m[1m[22m[2m Γöé gzip:  0.07 kB[22m
[2mdist/client/[22m[36massets/cart._lines-CvVdzFgq.js                       [39m[1m[2m    0.11 kB[22m[1m[22m[2m Γöé gzip:  0.12 kB[22m
[2mdist/client/[22m[36massets/_-DtQntxq1.js                                 [39m[1m[2m    0.11 kB[22m[1m[22m[2m Γöé gzip:  0.12 kB[22m
[2mdist/client/[22m[36massets/_index-C6SIAUqs.js                            [39m[1m[2m    0.19 kB[22m[1m[22m[2m Γöé gzip:  0.17 kB[22m
[2mdist/client/[22m[36massets/variants-BtH0TsxN.js                          [39m[1m[2m    0.48 kB[22m[1m[22m[2m Γöé gzip:  0.33 kB[22m
[2mdist/client/[22m[36massets/policies._index-E-QaBnzQ.js                   [39m[1m[2m    0.50 kB[22m[1m[22m[2m Γöé gzip:  0.35 kB[22m
[2mdist/client/[22m[36massets/wishlist-DC9ZQLT1.js                          [39m[1m[2m    0.52 kB[22m[1m[22m[2m Γöé gzip:  0.30 kB[22m
[2mdist/client/[22m[36massets/pages._handle-31GhjGb4.js                     [39m[1m[2m    0.53 kB[22m[1m[22m[2m Γöé gzip:  0.39 kB[22m
[2mdist/client/[22m[36massets/analytics-Bi6OYenw.js                         [39m[1m[2m    0.59 kB[22m[1m[22m[2m Γöé gzip:  0.32 kB[22m
[2mdist/client/[22m[36massets/policies._handle-BTs1oFHR.js                  [39m[1m[2m    0.64 kB[22m[1m[22m[2m Γöé gzip:  0.43 kB[22m
[2mdist/client/[22m[36massets/ProductPrice-bU2ZhC8_.js                      [39m[1m[2m    0.76 kB[22m[1m[22m[2m Γöé gzip:  0.43 kB[22m
[2mdist/client/[22m[36massets/blogs._index-CjHYlQvJ.js                      [39m[1m[2m    0.84 kB[22m[1m[22m[2m Γöé gzip:  0.48 kB[22m
[2mdist/client/[22m[36massets/AccountCard-CRRstfTG.js                       [39m[1m[2m    0.86 kB[22m[1m[22m[2m Γöé gzip:  0.45 kB[22m
[2mdist/client/[22m[36massets/LoadingSpinner-CiPX7H4Q.js                    [39m[1m[2m    0.92 kB[22m[1m[22m[2m Γöé gzip:  0.57 kB[22m
[2mdist/client/[22m[36massets/EmptyState-D3iVj5D5.js                        [39m[1m[2m    0.93 kB[22m[1m[22m[2m Γöé gzip:  0.54 kB[22m
[2mdist/client/[22m[36massets/blogs._blogHandle._articleHandle-C6QpfWb0.js  [39m[1m[2m    0.98 kB[22m[1m[22m[2m Γöé gzip:  0.61 kB[22m
[2mdist/client/[22m[36massets/jsx-runtime-COITqxDR.js                       [39m[1m[2m    1.01 kB[22m[1m[22m[2m Γöé gzip:  0.63 kB[22m
[2mdist/client/[22m[36massets/preload-helper-ckwbz45p.js                    [39m[1m[2m    1.14 kB[22m[1m[22m[2m Γöé gzip:  0.66 kB[22m
[2mdist/client/[22m[36massets/account_.login-S_dk0756.js                    [39m[1m[2m    1.16 kB[22m[1m[22m[2m Γöé gzip:  0.65 kB[22m
[2mdist/client/[22m[36massets/log-seo-tags-TY72EQWZ-DCHH-_Gl.js             [39m[1m[2m    1.34 kB[22m[1m[22m[2m Γöé gzip:  0.69 kB[22m
[2mdist/client/[22m[36massets/blogs._blogHandle._index-CyIYKuXP.js          [39m[1m[2m    1.43 kB[22m[1m[22m[2m Γöé gzip:  0.80 kB[22m
[2mdist/client/[22m[36massets/account_.authorize-BgoH-7Qt.js                [39m[1m[2m    1.53 kB[22m[1m[22m[2m Γöé gzip:  0.88 kB[22m
[2mdist/client/[22m[36massets/cart-q2xu-eoU.js                              [39m[1m[2m    1.94 kB[22m[1m[22m[2m Γöé gzip:  0.79 kB[22m
[2mdist/client/[22m[36massets/SuccessMessage-BNvC9mjj.js                    [39m[1m[2m    2.69 kB[22m[1m[22m[2m Γöé gzip:  1.06 kB[22m
[2mdist/client/[22m[36massets/PaginatedResourceSection-B1TU5T2T.js          [39m[1m[2m    3.10 kB[22m[1m[22m[2m Γöé gzip:  0.93 kB[22m
[2mdist/client/[22m[36massets/account.profile-F6OQqB7i.js                   [39m[1m[2m    3.28 kB[22m[1m[22m[2m Γöé gzip:  1.37 kB[22m
[2mdist/client/[22m[36massets/Money-B--2EOWo.js                             [39m[1m[2m    3.67 kB[22m[1m[22m[2m Γöé gzip:  1.49 kB[22m
[2mdist/client/[22m[36massets/ProductCarousel-nyu1SDNA.js                   [39m[1m[2m    3.70 kB[22m[1m[22m[2m Γöé gzip:  1.55 kB[22m
[2mdist/client/[22m[36massets/ProductItem-BhiOZHGq.js                       [39m[1m[2m    3.94 kB[22m[1m[22m[2m Γöé gzip:  1.89 kB[22m
[2mdist/client/[22m[36massets/FormFieldset-BdfVhk7_.js                      [39m[1m[2m    3.94 kB[22m[1m[22m[2m Γöé gzip:  1.62 kB[22m
[2mdist/client/[22m[36massets/Aside-C-x03frV.js                             [39m[1m[2m    3.99 kB[22m[1m[22m[2m Γöé gzip:  1.72 kB[22m
[2mdist/client/[22m[36massets/Image-CGCShI3O.js                             [39m[1m[2m    4.15 kB[22m[1m[22m[2m Γöé gzip:  1.69 kB[22m
[2mdist/client/[22m[36massets/CollectionEmpty-B4tmPfr0.js                   [39m[1m[2m    4.33 kB[22m[1m[22m[2m Γöé gzip:  1.61 kB[22m
[2mdist/client/[22m[36massets/CollectionFilterBar-qFyhg_it.js               [39m[1m[2m    4.36 kB[22m[1m[22m[2m Γöé gzip:  1.49 kB[22m
[2mdist/client/[22m[36massets/account.wishlist-D6yPc0uA.js                  [39m[1m[2m    5.41 kB[22m[1m[22m[2m Γöé gzip:  1.93 kB[22m
[2mdist/client/[22m[36massets/CustomProductCarousel-RYAVmHES.js             [39m[1m[2m    5.44 kB[22m[1m[22m[2m Γöé gzip:  2.07 kB[22m
[2mdist/client/[22m[36massets/collections.all-Cs7RIFas.js                   [39m[1m[2m    5.75 kB[22m[1m[22m[2m Γöé gzip:  2.58 kB[22m
[2mdist/client/[22m[36massets/account._index-BfwmmeMb.js                    [39m[1m[2m    6.29 kB[22m[1m[22m[2m Γöé gzip:  1.69 kB[22m
[2mdist/client/[22m[36massets/account-BbopJNDY.js                           [39m[1m[2m    6.36 kB[22m[1m[22m[2m Γöé gzip:  1.64 kB[22m
[2mdist/client/[22m[36massets/ClientCarousel-BSHHpUKU.js                    [39m[1m[2m    6.64 kB[22m[1m[22m[2m Γöé gzip:  2.74 kB[22m
[2mdist/client/[22m[36massets/collections._index-DHx2KRzx.js                [39m[1m[2m    7.36 kB[22m[1m[22m[2m Γöé gzip:  2.51 kB[22m
[2mdist/client/[22m[36massets/account.orders._index-DIcRw6z2.js             [39m[1m[2m    8.11 kB[22m[1m[22m[2m Γöé gzip:  2.76 kB[22m
[2mdist/client/[22m[36massets/collections._handle-DCgYit-m.js               [39m[1m[2m    8.24 kB[22m[1m[22m[2m Γöé gzip:  3.31 kB[22m
[2mdist/client/[22m[36massets/products.gift-card-BP47AfR4.js                [39m[1m[2m    9.05 kB[22m[1m[22m[2m Γöé gzip:  2.63 kB[22m
[2mdist/client/[22m[36massets/pages.faq-BUmN-Bcu.js                         [39m[1m[2m    9.47 kB[22m[1m[22m[2m Γöé gzip:  3.85 kB[22m
[2mdist/client/[22m[36massets/account.addresses-D8CD7a6-.js                 [39m[1m[2m    9.51 kB[22m[1m[22m[2m Γöé gzip:  3.07 kB[22m
[2mdist/client/[22m[36massets/account.orders._id-Bd4ZNnks.js                [39m[1m[2m   11.06 kB[22m[1m[22m[2m Γöé gzip:  2.51 kB[22m
[2mdist/client/[22m[36massets/search-a26j2r9L.js                            [39m[1m[2m   15.08 kB[22m[1m[22m[2m Γöé gzip:  4.68 kB[22m
[2mdist/client/[22m[36massets/ActiveFilters-DgWUsFkn.js                     [39m[1m[2m   18.30 kB[22m[1m[22m[2m Γöé gzip:  3.62 kB[22m
[2mdist/client/[22m[36massets/products._handle-7ZJUcE3S.js                  [39m[1m[2m   24.19 kB[22m[1m[22m[2m Γöé gzip:  7.52 kB[22m
[2mdist/client/[22m[36massets/CartMain-Cbz6uSbB.js                          [39m[1m[2m   25.15 kB[22m[1m[22m[2m Γöé gzip:  5.82 kB[22m
[2mdist/client/[22m[36massets/_index-DaS_Ed0h.js                            [39m[1m[2m   26.99 kB[22m[1m[22m[2m Γöé gzip:  7.30 kB[22m
[2mdist/client/[22m[36massets/index-Cpb4w9un.js                             [39m[1m[2m   32.52 kB[22m[1m[22m[2m Γöé gzip: 11.30 kB[22m
[2mdist/client/[22m[36massets/root-DRh2WG5S.js                              [39m[1m[2m   34.25 kB[22m[1m[22m[2m Γöé gzip:  9.54 kB[22m
[2mdist/client/[22m[36massets/chunk-TMI4QPZX-EYnYsBRr.js                    [39m[1m[2m  118.46 kB[22m[1m[22m[2m Γöé gzip: 39.97 kB[22m
[2mdist/client/[22m[36massets/entry.client-BPL5wW4X.js                      [39m[1m[2m  144.05 kB[22m[1m[22m[2m Γöé gzip: 46.71 kB[22m
[32mΓ£ô built in 4.40s[39m

[36mvite v6.3.6 [32mbuilding SSR bundle for production...[36m[39m
transforming...
[32mΓ£ô[39m 238 modules transformed.
rendering chunks...
[2mdist/server/[22m[32moxygen.json                            [39m[1m[2m    0.06 kB[22m[1m[22m
[2mdist/server/[22m[32massets/favicon-CnWN81dK.svg            [39m[1m[2m    0.72 kB[22m[1m[22m
[2mdist/server/[22m[32m.vite/manifest.json                    [39m[1m[2m    2.53 kB[22m[1m[22m
[2mdist/server/[22m[32massets/logo-sgU5wa6n.png               [39m[1m[2m    2.96 kB[22m[1m[22m
[2mdist/server/[22m[32mmetafile.server.json                   [39m[1m[2m  131.04 kB[22m[1m[22m
[2mdist/server/[22m[32mserver-bundle-analyzer.html            [39m[1m[2m  192.34 kB[22m[1m[22m
[2mdist/server/[22m[32massets/aboutus-l0O-1tZN.png            [39m[1m[2m  500.03 kB[22m[1m[22m
[2mdist/server/[22m[32massets/drew-patch-C0nKtt5C.png         [39m[1m[2m  533.64 kB[22m[1m[22m
[2mdist/server/[22m[32massets/aviation-lanyard-U0e7tMvY.png   [39m[1m[2m  600.63 kB[22m[1m[22m
[2mdist/server/[22m[32massets/sellwithus-DpVOki-O.png         [39m[1m[2m  878.65 kB[22m[1m[22m
[2mdist/server/[22m[32massets/custom-tshirts-BzRCHHTC.png     [39m[1m[2m  949.51 kB[22m[1m[22m
[2mdist/server/[22m[32massets/helmet-bag-DxRXEnS6.png         [39m[1m[2m1,037.00 kB[22m[1m[22m
[2mdist/server/[22m[32massets/zyn-patch--dYH0tTX.png          [39m[1m[2m1,420.02 kB[22m[1m[22m
[2mdist/server/[22m[32massets/mechanics-patches-CPY7Sb8E.png  [39m[1m[2m2,527.29 kB[22m[1m[22m
[2mdist/server/[22m[35massets/tailwind-Bm7D3qAm.css           [39m[1m[2m   95.10 kB[22m[1m[22m
[2mdist/server/[22m[36mindex.js                               [39m[1m[33m  787.61 kB[39m[22m[2m Γöé map: 2,359.87 kB[22m

[32mΓ£ô[39m 11 assets cleaned from React Router server build.
[2mdist\client\assets\tailwind-Bm7D3qAm.css[22m
[2mdist\client\assets\favicon-CnWN81dK.svg[22m
[2mdist\client\assets\logo-sgU5wa6n.png[22m
[2mdist\client\assets\custom-tshirts-BzRCHHTC.png[22m
[2mdist\client\assets\zyn-patch--dYH0tTX.png[22m
[2mdist\client\assets\drew-patch-C0nKtt5C.png[22m
[2mdist\client\assets\helmet-bag-DxRXEnS6.png[22m
[2mdist\client\assets\mechanics-patches-CPY7Sb8E.png[22m
[2mdist\client\assets\aviation-lanyard-U0e7tMvY.png[22m
[2mdist\client\assets\aboutus-l0O-1tZN.png[22m
[2mdist\client\assets\sellwithus-DpVOki-O.png[22m

[32mΓ£ô built in 5.02s[39m
Γò¡ΓöÇ error ΓöÇΓöÇΓöÇΓöÇΓöÇΓöÇΓöÇΓöÇΓöÇΓöÇΓöÇΓöÇΓöÇΓöÇΓöÇΓöÇΓöÇΓöÇΓöÇΓöÇΓöÇΓöÇΓöÇΓöÇΓöÇΓöÇΓöÇΓöÇΓöÇΓöÇΓöÇΓöÇΓöÇΓöÇΓöÇΓöÇΓöÇΓöÇΓöÇΓöÇΓöÇΓöÇΓöÇΓöÇΓöÇΓöÇΓöÇΓöÇΓöÇΓöÇΓöÇΓöÇΓöÇΓöÇΓöÇΓöÇΓöÇΓöÇΓöÇΓöÇΓöÇΓöÇΓöÇΓöÇΓöÇΓöÇΓöÇΓöÇΓöÇΓöÇΓò«
Γöé                                                                              Γöé
Γöé  [Codegen] Not all operations have an unique name: customerUpdate:           Γöé
Γöé                                                                              Γöé
Γöé  * customerUpdate found in:                                                  Γöé
Γöé  - app/graphql/customer-account/CustomerUpdateMutation.js                    Γöé
Γöé  - app/graphql/customer-account/CustomerWishlistMutation.js                  Γöé
Γöé  Not all operations have an unique name: ProductRecommendations,             Γöé
Γöé  RecommendedProducts, PredictiveSearch:                                      Γöé
Γöé  * ProductRecommendations found in:                                          Γöé
Γöé  - app/components/ProductRecommendations.jsx                                 Γöé
Γöé  - app/routes/products.$handle.jsx                                           Γöé
Γöé  * RecommendedProducts found in:                                             Γöé
Γöé  - app/lib/fragments.js                                                      Γöé
Γöé  - app/routes/_index.jsx                                                     Γöé
Γöé  * PredictiveSearch found in:                                                Γöé
Γöé  - app/routes/api.predictive-search.js                                       Γöé
Γöé  - app/routes/search.jsx                                                     Γöé
Γöé                                                                              Γöé
Γò░ΓöÇΓöÇΓöÇΓöÇΓöÇΓöÇΓöÇΓöÇΓöÇΓöÇΓöÇΓöÇΓöÇΓöÇΓöÇΓöÇΓöÇΓöÇΓöÇΓöÇΓöÇΓöÇΓöÇΓöÇΓöÇΓöÇΓöÇΓöÇΓöÇΓöÇΓöÇΓöÇΓöÇΓöÇΓöÇΓöÇΓöÇΓöÇΓöÇΓöÇΓöÇΓöÇΓöÇΓöÇΓöÇΓöÇΓöÇΓöÇΓöÇΓöÇΓöÇΓöÇΓöÇΓöÇΓöÇΓöÇΓöÇΓöÇΓöÇΓöÇΓöÇΓöÇΓöÇΓöÇΓöÇΓöÇΓöÇΓöÇΓöÇΓöÇΓöÇΓöÇΓöÇΓöÇΓöÇΓöÇΓöÇΓöÇΓò»

